
> mybook@0.0.0 build
> docusaurus build

[WARNING] The `siteConfig.onBrokenMarkdownLinks` config option is deprecated and will be removed in Docusaurus v4.
Please migrate and move this option to `siteConfig.markdown.hooks.onBrokenMarkdownLinks` instead.
[INFO] Website will be built for all these locales: 
- en
- ur
[INFO] [en] Creating an optimized production build...
[WARNING] The `siteConfig.onBrokenMarkdownLinks` config option is deprecated and will be removed in Docusaurus v4.
Please migrate and move this option to `siteConfig.markdown.hooks.onBrokenMarkdownLinks` instead.
[90m[[90mwebpackbar[90m][39m [36mℹ[39m Compiling Client
[90m[[90mwebpackbar[90m][39m [36mℹ[39m Compiling Server
[90m[[90mwebpackbar[90m][39m [32m✔[39m Server: Compiled successfully in 38.51s
[90m[[90mwebpackbar[90m][39m [32m✔[39m Client: Compiled successfully in 1.32m
[WARNING] Docusaurus found broken links!

Please check the pages of your site in the list below, and make sure you don't reference any path that does not exist.
Note: it's possible to ignore broken links with the 'onBrokenLinks' Docusaurus configuration, and let the build pass.

It looks like some of the broken links we found appear in many pages of your site.
Maybe those broken links appear on all pages through your site layout?
We recommend that you check your theme configuration for such links (particularly, theme navbar and footer).
Frequent broken links are linking to:
- /physical-ai
- /ros2-basics

Exhaustive list of all broken links found:
- Broken link on source page path = /404.html:
   -> linking to /physical-ai
   -> linking to /ros2-basics
- Broken link on source page path = /markdown-page:
   -> linking to /physical-ai
   -> linking to /ros2-basics
- Broken link on source page path = /:
   -> linking to /physical-ai
   -> linking to /ros2-basics
- Broken link on source page path = /capstone-project:
   -> linking to /physical-ai
   -> linking to /ros2-basics
- Broken link on source page path = /category/tutorial---basics:
   -> linking to /physical-ai
   -> linking to /ros2-basics
- Broken link on source page path = /category/tutorial---extras:
   -> linking to /physical-ai
   -> linking to /ros2-basics
- Broken link on source page path = /digital-twin-simulation:
   -> linking to /physical-ai
   -> linking to /ros2-basics
- Broken link on source page path = /humanoid-robotics:
   -> linking to /physical-ai
   -> linking to /ros2-basics
- Broken link on source page path = /intro:
   -> linking to /physical-ai
   -> linking to /ros2-basics
- Broken link on source page path = /intro-physical-ai:
   -> linking to /physical-ai
   -> linking to /ros2-basics
- Broken link on source page path = /ros2-fundamentals:
   -> linking to /physical-ai
   -> linking to /ros2-basics
- Broken link on source page path = /tutorial-basics/congratulations:
   -> linking to /physical-ai
   -> linking to /ros2-basics
- Broken link on source page path = /tutorial-basics/create-a-blog-post:
   -> linking to /physical-ai
   -> linking to /ros2-basics
- Broken link on source page path = /tutorial-basics/create-a-document:
   -> linking to /physical-ai
   -> linking to /ros2-basics
- Broken link on source page path = /tutorial-basics/create-a-page:
   -> linking to /physical-ai
   -> linking to /ros2-basics
- Broken link on source page path = /tutorial-basics/deploy-your-site:
   -> linking to /physical-ai
   -> linking to /ros2-basics
- Broken link on source page path = /tutorial-basics/markdown-features:
   -> linking to /physical-ai
   -> linking to /ros2-basics
- Broken link on source page path = /tutorial-extras/manage-docs-versions:
   -> linking to /physical-ai
   -> linking to /ros2-basics
- Broken link on source page path = /tutorial-extras/translate-your-site:
   -> linking to /physical-ai
   -> linking to /ros2-basics
- Broken link on source page path = /vision-language-action-systems:
   -> linking to /physical-ai
   -> linking to /ros2-basics

[SUCCESS] Generated static files in "build".
[INFO] [ur] Creating an optimized production build...
[WARNING] The `siteConfig.onBrokenMarkdownLinks` config option is deprecated and will be removed in Docusaurus v4.
Please migrate and move this option to `siteConfig.markdown.hooks.onBrokenMarkdownLinks` instead.
[90m[[90mwebpackbar[90m][39m [36mℹ[39m Compiling Client
[90m[[90mwebpackbar[90m][39m [36mℹ[39m Compiling Server
[90m[[90mwebpackbar[90m][39m [32m✔[39m Server: Compiled successfully in 25.73s
[90m[[90mwebpackbar[90m][39m [32m✔[39m Client: Compiled successfully in 51.43s
[WARNING] Docusaurus found broken links!

Please check the pages of your site in the list below, and make sure you don't reference any path that does not exist.
Note: it's possible to ignore broken links with the 'onBrokenLinks' Docusaurus configuration, and let the build pass.

It looks like some of the broken links we found appear in many pages of your site.
Maybe those broken links appear on all pages through your site layout?
We recommend that you check your theme configuration for such links (particularly, theme navbar and footer).
Frequent broken links are linking to:
- /ur/physical-ai
- /ur/ros2-basics

Exhaustive list of all broken links found:
- Broken link on source page path = /ur/404.html:
   -> linking to /ur/physical-ai
   -> linking to /ur/ros2-basics
- Broken link on source page path = /ur/markdown-page:
   -> linking to /ur/physical-ai
   -> linking to /ur/ros2-basics
- Broken link on source page path = /ur/:
   -> linking to /ur/physical-ai
   -> linking to /ur/ros2-basics
- Broken link on source page path = /ur/capstone-project:
   -> linking to /ur/physical-ai
   -> linking to /ur/ros2-basics
- Broken link on source page path = /ur/category/tutorial---basics:
   -> linking to /ur/physical-ai
   -> linking to /ur/ros2-basics
- Broken link on source page path = /ur/category/tutorial---extras:
   -> linking to /ur/physical-ai
   -> linking to /ur/ros2-basics
- Broken link on source page path = /ur/digital-twin-simulation:
   -> linking to /ur/physical-ai
   -> linking to /ur/ros2-basics
- Broken link on source page path = /ur/humanoid-robotics:
   -> linking to /ur/physical-ai
   -> linking to /ur/ros2-basics
- Broken link on source page path = /ur/intro:
   -> linking to /ur/physical-ai
   -> linking to /ur/ros2-basics
- Broken link on source page path = /ur/intro-physical-ai:
   -> linking to /ur/physical-ai
   -> linking to /ur/ros2-basics
- Broken link on source page path = /ur/ros2-fundamentals:
   -> linking to /ur/physical-ai
   -> linking to /ur/ros2-basics
- Broken link on source page path = /ur/tutorial-basics/congratulations:
   -> linking to /ur/physical-ai
   -> linking to /ur/ros2-basics
- Broken link on source page path = /ur/tutorial-basics/create-a-blog-post:
   -> linking to /ur/physical-ai
   -> linking to /ur/ros2-basics
- Broken link on source page path = /ur/tutorial-basics/create-a-document:
   -> linking to /ur/physical-ai
   -> linking to /ur/ros2-basics
- Broken link on source page path = /ur/tutorial-basics/create-a-page:
   -> linking to /ur/physical-ai
   -> linking to /ur/ros2-basics
- Broken link on source page path = /ur/tutorial-basics/deploy-your-site:
   -> linking to /ur/physical-ai
   -> linking to /ur/ros2-basics
- Broken link on source page path = /ur/tutorial-basics/markdown-features:
   -> linking to /ur/physical-ai
   -> linking to /ur/ros2-basics
- Broken link on source page path = /ur/tutorial-extras/manage-docs-versions:
   -> linking to /ur/physical-ai
   -> linking to /ur/ros2-basics
- Broken link on source page path = /ur/tutorial-extras/translate-your-site:
   -> linking to /ur/physical-ai
   -> linking to /ur/ros2-basics
- Broken link on source page path = /ur/vision-language-action-systems:
   -> linking to /ur/physical-ai
   -> linking to /ur/ros2-basics

[SUCCESS] Generated static files in "build\ur".
[INFO] Use `npm run serve` command to test your build locally.
